ours: /scratch/rgupta25/rygb/pipeline/39_TrainModellasso/output/lasso/predictions_lasso.tsv
      /scratch/rgupta25/rygb/pipeline/09_CombineCountTablesrelab/output/metaData_merged.txt
repo: /scratch/rgupta25/rygb/RYGB_IntegratedAnalysis2020/output/lasso/predictions_lasso.tsv
INFO:    Mounting image with FUSE.

=== OURS (regenerated from raw reads) 
                   Afshar Assal    BS Cholecystectomy IleocecalResection
Afshar              0.717 0.819 0.987           0.660              0.541
Assal               0.734 0.954 0.883           0.440              0.638
BS                  0.831 0.879 0.984           0.675              0.576
Cholecystectomy     0.609 0.531 0.630           0.745              0.547
IleocecalResection  0.526 0.559 0.543           0.545              0.533
Ileostomy           0.543 0.495 0.545           0.545              0.616
Ilhan               0.620 0.676 0.559           0.570              0.526
SDT                 0.576 0.649 0.605           0.580              0.523
                   Ileostomy Ilhan   SDT  LOSO
Afshar                 0.554 0.735 0.626 0.659
Assal                  0.670 0.846 0.516 0.813
BS                     0.559 0.761 0.513 0.585
Cholecystectomy        0.608 0.427 0.567 0.540
IleocecalResection     0.524 0.462 0.717 0.632
Ileostomy              0.892 0.692 0.850 0.755
Ilhan                  0.596 0.744 0.626 0.650
SDT                    0.586 0.427 0.783 0.829
  within-study (CV) mean AUROC : 0.794
  study-to-study transfer mean : 0.619
  leave-one-study-out mean     : 0.683
Warning message:
Column `Sample_ID` joining factor and character vector, coercing into character vector 

=== REPO (published) 
       Afshar Assal    BS Ilhan  LOSO
Afshar  0.670 0.845 0.983 0.701 0.828
Assal   0.698 0.948 0.901 0.735 0.836
BS      0.861 0.867 0.974 0.769 0.946
Ilhan   0.623 0.757 0.591 0.667 0.769
  within-study (CV) mean AUROC : 0.815
  study-to-study transfer mean : 0.778
  leave-one-study-out mean     : 0.845
Warning message:
Column `Sample_ID` joining factor and character vector, coercing into character vector 

=== difference (ours - repo)
       Afshar  Assal     BS  Ilhan   LOSO
Afshar  0.047 -0.026  0.004  0.034 -0.169
Assal   0.036  0.007 -0.018  0.111 -0.023
BS     -0.030  0.012  0.010 -0.009 -0.361
Ilhan  -0.003 -0.081 -0.032  0.077 -0.120

mean |difference| = 0.061   max |difference| = 0.361
