Loading kraken2/2.1.3
  Loading requirement: jellyfish/2.3.1
=== Afshar  50 filtered samples (expect 50)   Tue Sep 22 01:30:44 AM EDT 2026
db: /users/rgupta25/rygb/db/kraken2  (47G)

=== Afshar done  Tue Sep 22 01:30:44 AM EDT 2026   elapsed 0s
classified now: 0 | already present: 50 | failures: 0
mpa reports: 50 (expect 50)

--- classification rates (from the per-sample logs)
    min 80.88%  median 99.35%  max 99.98%
--- a sample report, deepest lines
    ERR1624536.mpa
    d__Eukaryota|k__Metazoa|p__Chordata|c__Mammalia|o__Primates|f__Hominidae|g__Homo|s__Homo sapiens	1
    d__Bacteria|p__Verrucomicrobia|c__Verrucomicrobiae|o__Verrucomicrobiales|f__Akkermansiaceae|g__Akkermansia|s__Akkermansia muciniphila	6
    d__Bacteria|p__Synergistetes|c__Synergistia|o__Synergistales|f__Synergistaceae|g__Aminomonas|s__Aminomonas paucivorans	1
    d__Bacteria|p__Proteobacteria|c__Gammaproteobacteria|o__Legionellales|f__Legionellaceae|g__Legionella|s__Legionella pneumophila	1
    d__Bacteria|p__Proteobacteria|c__Gammaproteobacteria|o__Enterobacterales|f__Enterobacteriaceae|g__Salmonella|s__Salmonella enterica	2
--- rank coverage in that sample (how many taxa are named at each rank)
    p__ 12
    c__ 22
    o__ 34
    f__ 57
    g__ 104
    s__ 144
