Loading kraken2/2.1.3
  Loading requirement: jellyfish/2.3.1
=== Cholecystectomy  30 filtered samples (expect 30)   Tue Sep 22 01:30:44 AM EDT 2026
db: /users/rgupta25/rygb/db/kraken2  (47G)
first sample (includes index load): 136s

=== Cholecystectomy done  Tue Sep 22 01:33:48 AM EDT 2026   elapsed 184s
classified now: 30 | already present: 0 | failures: 0
mpa reports: 30 (expect 30)

--- classification rates (from the per-sample logs)
    min 99.14%  median 99.98%  max 100.00%
--- a sample report, deepest lines
    SRR31418681.mpa
    d__Bacteria|p__Verrucomicrobia|c__Verrucomicrobiae|o__Verrucomicrobiales|f__Akkermansiaceae|g__Akkermansia|s__Akkermansia muciniphila	2
    d__Bacteria|p__Tenericutes|g__Candidatus Izimaplasma|s__Candidatus Izimaplasma sp. HR1	2
    d__Bacteria|p__Synergistetes|c__Synergistia|o__Synergistales|f__Synergistaceae|g__Cloacibacillus|s__Cloacibacillus porcorum	1
    d__Bacteria|p__Proteobacteria|c__Gammaproteobacteria|o__Pseudomonadales|f__Moraxellaceae|g__Acinetobacter|s__Acinetobacter sp. WCHAc010034	1
    d__Bacteria|p__Proteobacteria|c__Gammaproteobacteria|o__Pseudomonadales|f__Moraxellaceae|g__Acinetobacter|s__Acinetobacter haemolyticus	1
--- rank coverage in that sample (how many taxa are named at each rank)
    p__ 14
    c__ 29
    o__ 46
    f__ 91
    g__ 163
    s__ 195
