Loading kraken2/2.1.3
  Loading requirement: jellyfish/2.3.1
=== Ileostomy  65 filtered samples (expect 65)   Tue Sep 22 01:30:44 AM EDT 2026
db: /users/rgupta25/rygb/db/kraken2  (47G)
first sample (includes index load): 145s

=== Ileostomy done  Tue Sep 22 01:33:57 AM EDT 2026   elapsed 193s
classified now: 65 | already present: 0 | failures: 0
mpa reports: 65 (expect 65)

--- classification rates (from the per-sample logs)
    min 78.25%  median 100.00%  max 100.00%
--- a sample report, deepest lines
    SRR39238445.mpa
    d__Eukaryota|k__Metazoa|p__Chordata|c__Mammalia|o__Primates|f__Hominidae|g__Homo|s__Homo sapiens	202
    d__Bacteria|p__Verrucomicrobia|c__Verrucomicrobiae|o__Verrucomicrobiales|f__Verrucomicrobiaceae|g__Verrucomicrobium|s__Verrucomicrobium spinosum	1
    d__Bacteria|p__Verrucomicrobia|c__Verrucomicrobiae|o__Verrucomicrobiales|f__Verrucomicrobiaceae|g__Verrucomicrobium|s__Verrucomicrobium sp. GAS474	190
    d__Bacteria|p__Verrucomicrobia|c__Verrucomicrobiae|o__Verrucomicrobiales|f__Verrucomicrobiaceae|g__Roseimicrobium|s__Roseimicrobium sp. ORNL1	29
    d__Bacteria|p__Verrucomicrobia|c__Verrucomicrobiae|o__Verrucomicrobiales|f__Verrucomicrobiaceae|g__Luteolibacter|s__Luteolibacter sp. G-1-1-1	56
--- rank coverage in that sample (how many taxa are named at each rank)
    p__ 31
    c__ 66
    o__ 143
    f__ 290
    g__ 660
    s__ 920
