Loading kraken2/2.1.3
  Loading requirement: jellyfish/2.3.1
=== SDT  45 filtered samples (expect 45)   Tue Sep 22 01:30:44 AM EDT 2026
db: /users/rgupta25/rygb/db/kraken2  (47G)
first sample (includes index load): 144s

=== SDT done  Tue Sep 22 01:33:48 AM EDT 2026   elapsed 184s
classified now: 45 | already present: 0 | failures: 0
mpa reports: 45 (expect 45)

--- classification rates (from the per-sample logs)
    min 87.79%  median 99.99%  max 100.00%
--- a sample report, deepest lines
    SRR39238458.mpa
    d__Eukaryota|k__Metazoa|p__Chordata|c__Mammalia|o__Primates|f__Hominidae|g__Homo|s__Homo sapiens	845
    d__Bacteria|p__Verrucomicrobia|c__Verrucomicrobiae|o__Verrucomicrobiales|f__Akkermansiaceae|g__Akkermansia|s__Akkermansia muciniphila	194
    d__Bacteria|p__Thermotogae|c__Thermotogae|o__Petrotogales|f__Petrotogaceae|g__Tepiditoga|s__Tepiditoga spiralis	4
    d__Bacteria|p__Tenericutes|g__Candidatus Izimaplasma|s__Candidatus Izimaplasma sp. HR1	12
    d__Bacteria|p__Tenericutes|c__Mollicutes|o__Mycoplasmatales|f__Mycoplasmataceae|g__Mycoplasma|s__Mycoplasma sp. Mirounga ES2806-NAS	1
--- rank coverage in that sample (how many taxa are named at each rank)
    p__ 24
    c__ 44
    o__ 87
    f__ 166
    g__ 318
    s__ 433
