=== stage 6  Tue Sep 29 12:27:17 AM EDT 2026
pipeline root: /scratch/rgupta25/rygb/pipeline
input tree staged: 123 files
modules scaffolded: 28
PHASE2_COHORTS=0 PHASE3_COHORTS=3b: swapping in generalized combineCountTables.R/compareStudies_16S.R/Heatmap.R/compareStudies_SV.R
convergence guard applied to: Afshar_DADA2_16S.R, Afshar_kraken2_16S.R, Assal_DADA2_16S.R, Assal_kraken2_16S.R, BS_DADA2_16S.R, Ilhan_DADA2_16S.R, Ilhan_kraken2_16S.R, Lazaro_GB_DADA2_16S.R, Lazaro_GB_kraken2_16S.R, RYGB_SaoPaulo_DADA2_16S.R, RYGB_SaoPaulo_kraken2_16S.R

======================================== 00_AfsharTaxaClass  [rbase] 00:27:19  (parallel batch)

======================================== 01_AssalTaxaClass  [rbase] 00:27:19  (parallel batch)

======================================== 02_BSTaxaClass  [rbase] 00:27:19  (parallel batch)

======================================== 03_IlhanTaxaClass  [rbase] 00:27:19  (parallel batch)
-- skip CholecystectomyTaxaClass (phase 2 cohort: set PHASE2_COHORTS=1 to include)
-- skip IleocecalResectionTaxaClass (phase 2 cohort: set PHASE2_COHORTS=1 to include)
-- skip IleostomyTaxaClass (phase 2 cohort: set PHASE2_COHORTS=1 to include)
-- skip SDTTaxaClass (phase 2 cohort: set PHASE2_COHORTS=1 to include)

======================================== 04_RYGB_SaoPauloTaxaClass  [rbase] 00:27:19  (parallel batch)

======================================== 05_Lazaro_GBTaxaClass  [rbase] 00:27:19  (parallel batch)
-- skip Lazaro_SGTaxaClass (phase 3a cohort: set PHASE3_COHORTS=3a or =all to include)
-- skip Chaudhari_SGTaxaClass (phase 3a cohort: set PHASE3_COHORTS=3a or =all to include)
   ok   00_AfsharTaxaClass  rc=0  outputs=6
   ok   01_AssalTaxaClass  rc=0  outputs=7
   ok   02_BSTaxaClass  rc=0  outputs=12
   ok   03_IlhanTaxaClass  rc=0  outputs=6
   ok   04_RYGB_SaoPauloTaxaClass  rc=0  outputs=6
   ok   05_Lazaro_GBTaxaClass  rc=0  outputs=6

======================================== 06_CombineCountTableslog10  [nlme] 00:27:43
   ok   06_CombineCountTableslog10  rc=0  outputs=2

======================================== 07_CombineCountTablesrelab  [nlme] 00:27:44
   ok   07_CombineCountTablesrelab  rc=0  outputs=2

======================================== 08_PCO  [r-vegan] 00:27:45
   ok   08_PCO  rc=0  outputs=2

======================================== 09_AfsharDADA  [rbase] 00:27:51  (parallel batch)

======================================== 10_AssalDADA  [rbase] 00:27:51  (parallel batch)

======================================== 11_BSDADA  [rbase] 00:27:51  (parallel batch)

======================================== 12_IlhanDADA  [rbase] 00:27:52  (parallel batch)
-- skip CholecystectomyDADA (phase 2 cohort: set PHASE2_COHORTS=1 to include)
-- skip IleocecalResectionDADA (phase 2 cohort: set PHASE2_COHORTS=1 to include)
-- skip IleostomyDADA (phase 2 cohort: set PHASE2_COHORTS=1 to include)
-- skip SDTDADA (phase 2 cohort: set PHASE2_COHORTS=1 to include)

======================================== 13_RYGB_SaoPauloDADA  [rbase] 00:27:52  (parallel batch)

======================================== 14_Lazaro_GBDADA  [rbase] 00:27:52  (parallel batch)
-- skip Lazaro_SGDADA (phase 3a cohort: set PHASE3_COHORTS=3a or =all to include)
-- skip Chaudhari_SGDADA (phase 3a cohort: set PHASE3_COHORTS=3a or =all to include)
   ok   09_AfsharDADA  rc=0  outputs=6
   ok   10_AssalDADA  rc=0  outputs=7
   ok   11_BSDADA  rc=0  outputs=7
   ok   12_IlhanDADA  rc=0  outputs=6
   ok   13_RYGB_SaoPauloDADA  rc=0  outputs=6
   ok   14_Lazaro_GBDADA  rc=0  outputs=6

======================================== 15_CompareStudies16S  [comparestudies] 00:29:29
   ok   15_CompareStudies16S  rc=0  outputs=6

======================================== 16_Heatmap  [complexheatmap] 00:29:40
   ok   16_Heatmap  rc=0  outputs=1

======================================== 17_AfsharKraken  [nlme] 00:29:41  (parallel batch)

======================================== 18_AssalKraken  [nlme] 00:29:41  (parallel batch)

======================================== 19_BSKraken  [nlme] 00:29:41  (parallel batch)

======================================== 20_IlhanKraken  [nlme] 00:29:41  (parallel batch)
-- skip CholecystectomyKraken (phase 2 cohort: set PHASE2_COHORTS=1 to include)
-- skip IleocecalResectionKraken (phase 2 cohort: set PHASE2_COHORTS=1 to include)
-- skip IleostomyKraken (phase 2 cohort: set PHASE2_COHORTS=1 to include)
-- skip SDTKraken (phase 2 cohort: set PHASE2_COHORTS=1 to include)

======================================== 21_RYGB_SaoPauloKraken  [nlme] 00:29:41  (parallel batch)

======================================== 22_Lazaro_GBKraken  [nlme] 00:29:41  (parallel batch)
-- skip Lazaro_SGKraken (phase 3a cohort: set PHASE3_COHORTS=3a or =all to include)
-- skip Chaudhari_SGKraken (phase 3a cohort: set PHASE3_COHORTS=3a or =all to include)
   ok   17_AfsharKraken  rc=0  outputs=7
   ok   18_AssalKraken  rc=0  outputs=7
   ok   19_BSKraken  rc=0  outputs=7
   ok   20_IlhanKraken  rc=0  outputs=7
   ok   21_RYGB_SaoPauloKraken  rc=0  outputs=7
   ok   22_Lazaro_GBKraken  rc=0  outputs=7
-- skip 23_BSMetagenomics (phase 2: needs metagenomic input)
-- skip 24_PallejaMetagenomics (phase 2: needs metagenomic input)
-- skip 25_OppPathogens (phase 2: needs metagenomic input)
-- skip 26_CompareStudiesMetagenomics (phase 2: needs metagenomic input)
-- skip 27_BSpathway (phase 2: needs metagenomic input)
-- skip 28_Pallejapathway (phase 2: needs metagenomic input)
-- skip 29_CompareStudiesPathways (phase 2: needs metagenomic input)

======================================== 30_Diversity  [r-vegan] 00:30:35
   ok   30_Diversity  rc=0  outputs=2

======================================== 31_CompareStudiesSV  [comparestudies] 00:30:37
   ok   31_CompareStudiesSV  rc=0  outputs=6

======================================== 32_SVAnalysis  [comparestudies] 00:30:40
   ok   32_SVAnalysis  rc=0  outputs=1

======================================== 33_TrainModellasso  [siamcat] 00:30:41
   ok   33_TrainModellasso  rc=0  outputs=61

======================================== 34_FigPerformlasso  [fig-perform] 00:52:31
   ok   34_FigPerformlasso  rc=0  outputs=2

=== done  Tue Sep 29 12:52:34 AM EDT 2026   modules ok: 28   failed: 0

--- figures produced
   /scratch/rgupta25/rygb/pipeline/08_PCO/output/Genus_PCO.pdf
   /scratch/rgupta25/rygb/pipeline/15_CompareStudies16S/output/Genus_BoxPlotCorrelations.pdf
   /scratch/rgupta25/rygb/pipeline/15_CompareStudies16S/output/Genus_coefficientsFromScatterPlots.pdf
   /scratch/rgupta25/rygb/pipeline/15_CompareStudies16S/output/Genus_mainFigure1cd.pdf
   /scratch/rgupta25/rygb/pipeline/15_CompareStudies16S/output/Genus_scatterPlots.pdf
   /scratch/rgupta25/rygb/pipeline/16_Heatmap/output/Genus_HeatmapAndCluster.pdf
   /scratch/rgupta25/rygb/pipeline/30_Diversity/output/Diversity.pdf
   /scratch/rgupta25/rygb/pipeline/31_CompareStudiesSV/output/coefficientsFromScatterPlots_compareSVandGenus.pdf
   /scratch/rgupta25/rygb/pipeline/31_CompareStudiesSV/output/Seq_coefficientsFromScatterPlots.pdf
   /scratch/rgupta25/rygb/pipeline/31_CompareStudiesSV/output/Seq_scatterPlots.pdf
   /scratch/rgupta25/rygb/pipeline/32_SVAnalysis/output/SV_BS_Assal.pdf
   /scratch/rgupta25/rygb/pipeline/34_FigPerformlasso/output/loso_performance_lasso.pdf
   /scratch/rgupta25/rygb/pipeline/34_FigPerformlasso/output/performance_heatmap_lasso.pdf

--- key tables vs the repo's published versions
   Genus_PairwiseComparison.txt           ours    56 lines | repo    29 lines
   Genus_countTable_merged_log10.txt      ours   296 lines | repo   189 lines
   metaData_merged.txt                    ours   296 lines | repo   189 lines

--- THE headline number: mean Spearman r across different-study pairs
    the paper's abstract says 0.41 +/- 0.10; the repo's own table gives 0.410 +/- 0.098
   ours  all pairs: r = 0.454 +/- 0.126 (n=55) | different-study: r = 0.431 +/- 0.110 (n=49)
   repo  all pairs: r = 0.450 +/- 0.126 (n=28) | different-study: r = 0.410 +/- 0.098 (n=23)
