=== stage 6  Mon Sep 28 11:47:14 PM EDT 2026
pipeline root: /scratch/rgupta25/rygb/pipeline
input tree staged: 123 files
modules scaffolded: 28
PHASE2_COHORTS=0 PHASE3_COHORTS=3a: swapping in generalized combineCountTables.R/compareStudies_16S.R/Heatmap.R/compareStudies_SV.R
convergence guard applied to: Afshar_DADA2_16S.R, Afshar_kraken2_16S.R, Assal_DADA2_16S.R, Assal_kraken2_16S.R, BS_DADA2_16S.R, Chaudhari_SG_DADA2_16S.R, Chaudhari_SG_kraken2_16S.R, Ilhan_DADA2_16S.R, Ilhan_kraken2_16S.R, Lazaro_SG_DADA2_16S.R, Lazaro_SG_kraken2_16S.R

======================================== 00_AfsharTaxaClass  [rbase] 23:47:16  (parallel batch)

======================================== 01_AssalTaxaClass  [rbase] 23:47:16  (parallel batch)

======================================== 02_BSTaxaClass  [rbase] 23:47:16  (parallel batch)

======================================== 03_IlhanTaxaClass  [rbase] 23:47:16  (parallel batch)
-- skip CholecystectomyTaxaClass (phase 2 cohort: set PHASE2_COHORTS=1 to include)
-- skip IleocecalResectionTaxaClass (phase 2 cohort: set PHASE2_COHORTS=1 to include)
-- skip IleostomyTaxaClass (phase 2 cohort: set PHASE2_COHORTS=1 to include)
-- skip SDTTaxaClass (phase 2 cohort: set PHASE2_COHORTS=1 to include)
-- skip RYGB_SaoPauloTaxaClass (phase 3b cohort: set PHASE3_COHORTS=3b or =all to include)
-- skip Lazaro_GBTaxaClass (phase 3b cohort: set PHASE3_COHORTS=3b or =all to include)

======================================== 04_Lazaro_SGTaxaClass  [rbase] 23:47:16  (parallel batch)

======================================== 05_Chaudhari_SGTaxaClass  [rbase] 23:47:16  (parallel batch)
   ok   00_AfsharTaxaClass  rc=0  outputs=6
   ok   01_AssalTaxaClass  rc=0  outputs=7
   ok   02_BSTaxaClass  rc=0  outputs=12
   ok   03_IlhanTaxaClass  rc=0  outputs=6
   ok   04_Lazaro_SGTaxaClass  rc=0  outputs=6
   ok   05_Chaudhari_SGTaxaClass  rc=0  outputs=6

======================================== 06_CombineCountTableslog10  [nlme] 23:47:41
   ok   06_CombineCountTableslog10  rc=0  outputs=2

======================================== 07_CombineCountTablesrelab  [nlme] 23:47:43
   ok   07_CombineCountTablesrelab  rc=0  outputs=2

======================================== 08_PCO  [r-vegan] 23:47:45
   ok   08_PCO  rc=0  outputs=2

======================================== 09_AfsharDADA  [rbase] 23:47:50  (parallel batch)

======================================== 10_AssalDADA  [rbase] 23:47:50  (parallel batch)

======================================== 11_BSDADA  [rbase] 23:47:50  (parallel batch)

======================================== 12_IlhanDADA  [rbase] 23:47:50  (parallel batch)
-- skip CholecystectomyDADA (phase 2 cohort: set PHASE2_COHORTS=1 to include)
-- skip IleocecalResectionDADA (phase 2 cohort: set PHASE2_COHORTS=1 to include)
-- skip IleostomyDADA (phase 2 cohort: set PHASE2_COHORTS=1 to include)
-- skip SDTDADA (phase 2 cohort: set PHASE2_COHORTS=1 to include)
-- skip RYGB_SaoPauloDADA (phase 3b cohort: set PHASE3_COHORTS=3b or =all to include)
-- skip Lazaro_GBDADA (phase 3b cohort: set PHASE3_COHORTS=3b or =all to include)

======================================== 13_Lazaro_SGDADA  [rbase] 23:47:50  (parallel batch)

======================================== 14_Chaudhari_SGDADA  [rbase] 23:47:50  (parallel batch)
   ok   09_AfsharDADA  rc=0  outputs=6
   ok   10_AssalDADA  rc=0  outputs=7
   ok   11_BSDADA  rc=0  outputs=7
   ok   12_IlhanDADA  rc=0  outputs=6
   ok   13_Lazaro_SGDADA  rc=0  outputs=6
   ok   14_Chaudhari_SGDADA  rc=0  outputs=6

======================================== 15_CompareStudies16S  [comparestudies] 23:49:49
   ok   15_CompareStudies16S  rc=0  outputs=6

======================================== 16_Heatmap  [complexheatmap] 23:49:58
   ok   16_Heatmap  rc=0  outputs=1

======================================== 17_AfsharKraken  [nlme] 23:50:01  (parallel batch)

======================================== 18_AssalKraken  [nlme] 23:50:01  (parallel batch)

======================================== 19_BSKraken  [nlme] 23:50:01  (parallel batch)

======================================== 20_IlhanKraken  [nlme] 23:50:01  (parallel batch)
-- skip CholecystectomyKraken (phase 2 cohort: set PHASE2_COHORTS=1 to include)
-- skip IleocecalResectionKraken (phase 2 cohort: set PHASE2_COHORTS=1 to include)
-- skip IleostomyKraken (phase 2 cohort: set PHASE2_COHORTS=1 to include)
-- skip SDTKraken (phase 2 cohort: set PHASE2_COHORTS=1 to include)
-- skip RYGB_SaoPauloKraken (phase 3b cohort: set PHASE3_COHORTS=3b or =all to include)
-- skip Lazaro_GBKraken (phase 3b cohort: set PHASE3_COHORTS=3b or =all to include)

======================================== 21_Lazaro_SGKraken  [nlme] 23:50:01  (parallel batch)

======================================== 22_Chaudhari_SGKraken  [nlme] 23:50:01  (parallel batch)
   ok   17_AfsharKraken  rc=0  outputs=7
   ok   18_AssalKraken  rc=0  outputs=7
   ok   19_BSKraken  rc=0  outputs=7
   ok   20_IlhanKraken  rc=0  outputs=7
   ok   21_Lazaro_SGKraken  rc=0  outputs=7
   ok   22_Chaudhari_SGKraken  rc=0  outputs=7
-- skip 23_BSMetagenomics (phase 2: needs metagenomic input)
-- skip 24_PallejaMetagenomics (phase 2: needs metagenomic input)
-- skip 25_OppPathogens (phase 2: needs metagenomic input)
-- skip 26_CompareStudiesMetagenomics (phase 2: needs metagenomic input)
-- skip 27_BSpathway (phase 2: needs metagenomic input)
-- skip 28_Pallejapathway (phase 2: needs metagenomic input)
-- skip 29_CompareStudiesPathways (phase 2: needs metagenomic input)

======================================== 30_Diversity  [r-vegan] 23:50:54
   ok   30_Diversity  rc=0  outputs=2

======================================== 31_CompareStudiesSV  [comparestudies] 23:50:57
   ok   31_CompareStudiesSV  rc=0  outputs=6

======================================== 32_SVAnalysis  [comparestudies] 23:51:00
   ok   32_SVAnalysis  rc=0  outputs=1

======================================== 33_TrainModellasso  [siamcat] 23:51:01
   ok   33_TrainModellasso  rc=0  outputs=61

======================================== 34_FigPerformlasso  [fig-perform] 00:12:11
   ok   34_FigPerformlasso  rc=0  outputs=2

=== done  Tue Sep 29 12:12:16 AM EDT 2026   modules ok: 28   failed: 0

--- figures produced
   /scratch/rgupta25/rygb/pipeline/08_PCO/output/Genus_PCO.pdf
   /scratch/rgupta25/rygb/pipeline/15_CompareStudies16S/output/Genus_BoxPlotCorrelations.pdf
   /scratch/rgupta25/rygb/pipeline/15_CompareStudies16S/output/Genus_coefficientsFromScatterPlots.pdf
   /scratch/rgupta25/rygb/pipeline/15_CompareStudies16S/output/Genus_mainFigure1cd.pdf
   /scratch/rgupta25/rygb/pipeline/15_CompareStudies16S/output/Genus_scatterPlots.pdf
   /scratch/rgupta25/rygb/pipeline/16_Heatmap/output/Genus_HeatmapAndCluster.pdf
   /scratch/rgupta25/rygb/pipeline/30_Diversity/output/Diversity.pdf
   /scratch/rgupta25/rygb/pipeline/31_CompareStudiesSV/output/coefficientsFromScatterPlots_compareSVandGenus.pdf
   /scratch/rgupta25/rygb/pipeline/31_CompareStudiesSV/output/Seq_coefficientsFromScatterPlots.pdf
   /scratch/rgupta25/rygb/pipeline/31_CompareStudiesSV/output/Seq_scatterPlots.pdf
   /scratch/rgupta25/rygb/pipeline/32_SVAnalysis/output/SV_BS_Assal.pdf
   /scratch/rgupta25/rygb/pipeline/34_FigPerformlasso/output/loso_performance_lasso.pdf
   /scratch/rgupta25/rygb/pipeline/34_FigPerformlasso/output/performance_heatmap_lasso.pdf

--- key tables vs the repo's published versions
   Genus_PairwiseComparison.txt           ours    46 lines | repo    29 lines
   Genus_countTable_merged_log10.txt      ours   251 lines | repo   189 lines
   metaData_merged.txt                    ours   251 lines | repo   189 lines

--- THE headline number: mean Spearman r across different-study pairs
    the paper's abstract says 0.41 +/- 0.10; the repo's own table gives 0.410 +/- 0.098
   ours  all pairs: r = 0.347 +/- 0.178 (n=45) | different-study: r = 0.313 +/- 0.158 (n=40)
   repo  all pairs: r = 0.450 +/- 0.126 (n=28) | different-study: r = 0.410 +/- 0.098 (n=23)
