INFO:    Mounting image with FUSE.
── Attaching packages ─────────────────────────────────────── tidyverse 1.3.0 ──
✔ ggplot2 3.3.0     ✔ purrr   0.3.4
✔ tibble  3.0.1     ✔ dplyr   0.8.5
✔ tidyr   1.0.2     ✔ stringr 1.4.0
✔ readr   1.3.1     ✔ forcats 0.5.0
── Conflicts ────────────────────────────────────────── tidyverse_conflicts() ──
✖ dplyr::filter() masks stats::filter()
✖ dplyr::lag()    masks stats::lag()
Loading required package: mlr
Loading required package: ParamHelpers
'mlr' is in maintenance mode since July 2019. Future development
efforts will go into its successor 'mlr3' (<https://mlr3.mlr-org.com>).
Loading required package: phyloseq
+ starting create.label
Label used as case:
   1
Label used as control:
   0
+ finished create.label.from.metadata in 0.018 s
+ starting validate.data
+++ checking overlap between labels and features
+ Keeping labels of 61 sample(s).
+++ checking sample number per class
+++ checking overlap between samples and metadata
+ finished validate.data in 0.019 s
+ starting normalize.features
+ normalizing original features
+++ performing de novo normalization using the  log.std  method
+++ removed 562 features with no variation across samples
                        (retaining 230)
+++ checking if parameters are compatible with each other
+ feature sparsity before normalization: 68.22%
+++ performing normalization
+++ feature sparsity after normalization:      0 %
+ finished normalize.features in 0.006 s
Features splitted for cross-validation successfully.
Trained lasso models successfully.
Made predictions successfully.
Setting levels: control = -1, case = 1
Setting direction: controls < cases
Setting levels: control = -1, case = 1
Setting direction: controls < cases
Setting levels: control = -1, case = 1
Setting direction: controls < cases
Setting levels: control = -1, case = 1
Setting direction: controls < cases
Setting levels: control = -1, case = 1
Setting direction: controls < cases
Setting levels: control = -1, case = 1
Setting direction: controls < cases
Setting levels: control = -1, case = 1
Setting direction: controls < cases
Setting levels: control = -1, case = 1
Setting direction: controls < cases
Setting levels: control = -1, case = 1
Setting direction: controls < cases
Setting levels: control = -1, case = 1
Setting direction: controls < cases
Setting levels: control = -1, case = 1
Setting direction: controls < cases
Evaluated predictions successfully.
Successfully trained a single study model for study BS 
+ starting create.label
Label used as case:
   1
Label used as control:
   0
+ finished create.label.from.metadata in 0.002 s
+ starting validate.data
+++ checking overlap between labels and features
+ Keeping labels of 189 sample(s).
+++ checking sample number per class
+++ checking overlap between samples and metadata
+ finished validate.data in 0.017 s
+ starting normalize.features
+ normalizing original features
+++ performing de novo normalization using the  log.std  method
+++ removed 428 features with no variation across samples
                        (retaining 364)
+++ checking if parameters are compatible with each other
+ feature sparsity before normalization: 76.79%
+++ performing normalization
+++ feature sparsity after normalization:      0 %
+ finished normalize.features in 0.007 s
Features splitted for cross-validation successfully.
Trained lasso models successfully.
Made predictions successfully.
Setting levels: control = -1, case = 1
Setting direction: controls < cases
Setting levels: control = -1, case = 1
Setting direction: controls < cases
Setting levels: control = -1, case = 1
Setting direction: controls < cases
Setting levels: control = -1, case = 1
Setting direction: controls < cases
Setting levels: control = -1, case = 1
Setting direction: controls < cases
Setting levels: control = -1, case = 1
Setting direction: controls < cases
Setting levels: control = -1, case = 1
Setting direction: controls < cases
Setting levels: control = -1, case = 1
Setting direction: controls < cases
Setting levels: control = -1, case = 1
Setting direction: controls < cases
Setting levels: control = -1, case = 1
Setting direction: controls < cases
Setting levels: control = -1, case = 1
Setting direction: controls < cases
Evaluated predictions successfully.
Successfully trained a LOSO model for study BS 
+ starting create.label
Label used as case:
   1
Label used as control:
   0
+ finished create.label.from.metadata in 0.001 s
+ starting validate.data
+++ checking overlap between labels and features
+ Keeping labels of 67 sample(s).
+++ checking sample number per class
+++ checking overlap between samples and metadata
+ finished validate.data in 0.013 s
+ starting normalize.features
+ normalizing original features
+++ performing de novo normalization using the  log.std  method
+++ removed 488 features with no variation across samples
                        (retaining 304)
+++ checking if parameters are compatible with each other
+ feature sparsity before normalization: 64.25%
+++ performing normalization
+++ feature sparsity after normalization:      0 %
+ finished normalize.features in 0.003 s
Features splitted for cross-validation successfully.
Trained lasso models successfully.
Made predictions successfully.
Setting levels: control = -1, case = 1
Setting direction: controls < cases
Setting levels: control = -1, case = 1
Setting direction: controls < cases
Setting levels: control = -1, case = 1
Setting direction: controls < cases
Setting levels: control = -1, case = 1
Setting direction: controls < cases
Setting levels: control = -1, case = 1
Setting direction: controls < cases
Setting levels: control = -1, case = 1
Setting direction: controls < cases
Setting levels: control = -1, case = 1
Setting direction: controls < cases
Setting levels: control = -1, case = 1
Setting direction: controls < cases
Setting levels: control = -1, case = 1
Setting direction: controls < cases
Setting levels: control = -1, case = 1
Setting direction: controls < cases
Setting levels: control = -1, case = 1
Setting direction: controls < cases
Evaluated predictions successfully.
Successfully trained a single study model for study Assal 
+ starting create.label
Label used as case:
   1
Label used as control:
   0
+ finished create.label.from.metadata in 0.001 s
+ starting validate.data
+++ checking overlap between labels and features
+ Keeping labels of 183 sample(s).
+++ checking sample number per class
+++ checking overlap between samples and metadata
+ finished validate.data in 0.015 s
+ starting normalize.features
+ normalizing original features
+++ performing de novo normalization using the  log.std  method
+++ removed 472 features with no variation across samples
                        (retaining 320)
+++ checking if parameters are compatible with each other
+ feature sparsity before normalization: 77.56%
+++ performing normalization
+++ feature sparsity after normalization:      0 %
+ finished normalize.features in 0.006 s
Features splitted for cross-validation successfully.
Trained lasso models successfully.
Made predictions successfully.
Setting levels: control = -1, case = 1
Setting direction: controls < cases
Setting levels: control = -1, case = 1
Setting direction: controls < cases
Setting levels: control = -1, case = 1
Setting direction: controls < cases
Setting levels: control = -1, case = 1
Setting direction: controls < cases
Setting levels: control = -1, case = 1
Setting direction: controls < cases
Setting levels: control = -1, case = 1
Setting direction: controls < cases
Setting levels: control = -1, case = 1
Setting direction: controls < cases
Setting levels: control = -1, case = 1
Setting direction: controls < cases
Setting levels: control = -1, case = 1
Setting direction: controls < cases
Setting levels: control = -1, case = 1
Setting direction: controls < cases
Setting levels: control = -1, case = 1
Setting direction: controls < cases
Evaluated predictions successfully.
Successfully trained a LOSO model for study Assal 
+ starting create.label
Label used as case:
   1
Label used as control:
   0
+ finished create.label.from.metadata in 0.001 s
+ starting validate.data
+++ checking overlap between labels and features
+ Keeping labels of 22 sample(s).
+++ checking sample number per class
Data set has only 9 training examples of class 0 .
Note that a dataset this small/skewed is not necessarily suitable for analysis in this pipeline.
+++ checking overlap between samples and metadata
+ finished validate.data in 0.014 s
+ starting normalize.features
+ normalizing original features
+++ performing de novo normalization using the  log.std  method
+++ removed 592 features with no variation across samples
                        (retaining 200)
+++ checking if parameters are compatible with each other
+ feature sparsity before normalization: 65.48%
+++ performing normalization
+++ feature sparsity after normalization:      0 %
+ finished normalize.features in 0.002 s
Features splitted for cross-validation successfully.
Trained lasso models successfully.
Made predictions successfully.
Setting levels: control = -1, case = 1
Setting direction: controls < cases
Setting levels: control = -1, case = 1
Setting direction: controls < cases
Setting levels: control = -1, case = 1
Setting direction: controls < cases
Setting levels: control = -1, case = 1
Setting direction: controls < cases
Setting levels: control = -1, case = 1
Setting direction: controls < cases
Setting levels: control = -1, case = 1
Setting direction: controls < cases
Setting levels: control = -1, case = 1
Setting direction: controls < cases
Setting levels: control = -1, case = 1
Setting direction: controls < cases
Setting levels: control = -1, case = 1
Setting direction: controls < cases
Setting levels: control = -1, case = 1
Setting direction: controls < cases
Setting levels: control = -1, case = 1
Setting direction: controls < cases
Evaluated predictions successfully.
Successfully trained a single study model for study Ilhan 
+ starting create.label
Label used as case:
   1
Label used as control:
   0
+ finished create.label.from.metadata in 0.001 s
+ starting validate.data
+++ checking overlap between labels and features
+ Keeping labels of 228 sample(s).
+++ checking sample number per class
+++ checking overlap between samples and metadata
+ finished validate.data in 0.015 s
+ starting normalize.features
+ normalizing original features
+++ performing de novo normalization using the  log.std  method
+++ removed 439 features with no variation across samples
                        (retaining 353)
+++ checking if parameters are compatible with each other
+ feature sparsity before normalization: 76.51%
+++ performing normalization
+++ feature sparsity after normalization:      0 %
+ finished normalize.features in 0.007 s
Features splitted for cross-validation successfully.
Trained lasso models successfully.
Made predictions successfully.
Setting levels: control = -1, case = 1
Setting direction: controls < cases
Setting levels: control = -1, case = 1
Setting direction: controls < cases
Setting levels: control = -1, case = 1
Setting direction: controls < cases
Setting levels: control = -1, case = 1
Setting direction: controls < cases
Setting levels: control = -1, case = 1
Setting direction: controls < cases
Setting levels: control = -1, case = 1
Setting direction: controls < cases
Setting levels: control = -1, case = 1
Setting direction: controls < cases
Setting levels: control = -1, case = 1
Setting direction: controls < cases
Setting levels: control = -1, case = 1
Setting direction: controls < cases
Setting levels: control = -1, case = 1
Setting direction: controls < cases
Setting levels: control = -1, case = 1
Setting direction: controls < cases
Evaluated predictions successfully.
Successfully trained a LOSO model for study Ilhan 
+ starting create.label
Label used as case:
   1
Label used as control:
   0
+ finished create.label.from.metadata in 0.001 s
+ starting validate.data
+++ checking overlap between labels and features
+ Keeping labels of 38 sample(s).
+++ checking sample number per class
+++ checking overlap between samples and metadata
+ finished validate.data in 0.013 s
+ starting normalize.features
+ normalizing original features
+++ performing de novo normalization using the  log.std  method
+++ removed 608 features with no variation across samples
                        (retaining 184)
+++ checking if parameters are compatible with each other
+ feature sparsity before normalization: 63.57%
+++ performing normalization
+++ feature sparsity after normalization:      0 %
+ finished normalize.features in 0.002 s
Features splitted for cross-validation successfully.
Trained lasso models successfully.
Made predictions successfully.
Setting levels: control = -1, case = 1
Setting direction: controls < cases
Setting levels: control = -1, case = 1
Setting direction: controls < cases
Setting levels: control = -1, case = 1
Setting direction: controls < cases
Setting levels: control = -1, case = 1
Setting direction: controls < cases
Setting levels: control = -1, case = 1
Setting direction: controls < cases
Setting levels: control = -1, case = 1
Setting direction: controls < cases
Setting levels: control = -1, case = 1
Setting direction: controls < cases
Setting levels: control = -1, case = 1
Setting direction: controls < cases
Setting levels: control = -1, case = 1
Setting direction: controls < cases
Setting levels: control = -1, case = 1
Setting direction: controls < cases
Setting levels: control = -1, case = 1
Setting direction: controls < cases
Evaluated predictions successfully.
Successfully trained a single study model for study Afshar 
+ starting create.label
Label used as case:
   1
Label used as control:
   0
+ finished create.label.from.metadata in 0.001 s
+ starting validate.data
+++ checking overlap between labels and features
+ Keeping labels of 212 sample(s).
+++ checking sample number per class
+++ checking overlap between samples and metadata
+ finished validate.data in 0.015 s
+ starting normalize.features
+ normalizing original features
+++ performing de novo normalization using the  log.std  method
+++ removed 423 features with no variation across samples
                        (retaining 369)
+++ checking if parameters are compatible with each other
+ feature sparsity before normalization: 77.15%
+++ performing normalization
+++ feature sparsity after normalization:      0 %
+ finished normalize.features in 0.007 s
Features splitted for cross-validation successfully.
Trained lasso models successfully.
Made predictions successfully.
Setting levels: control = -1, case = 1
Setting direction: controls < cases
Setting levels: control = -1, case = 1
Setting direction: controls < cases
Setting levels: control = -1, case = 1
Setting direction: controls < cases
Setting levels: control = -1, case = 1
Setting direction: controls < cases
Setting levels: control = -1, case = 1
Setting direction: controls < cases
Setting levels: control = -1, case = 1
Setting direction: controls < cases
Setting levels: control = -1, case = 1
Setting direction: controls < cases
Setting levels: control = -1, case = 1
Setting direction: controls < cases
Setting levels: control = -1, case = 1
Setting direction: controls < cases
Setting levels: control = -1, case = 1
Setting direction: controls < cases
Setting levels: control = -1, case = 1
Setting direction: controls < cases
Evaluated predictions successfully.
Successfully trained a LOSO model for study Afshar 
+ starting create.label
Label used as case:
   1
Label used as control:
   0
+ finished create.label.from.metadata in 0.001 s
+ starting validate.data
+++ checking overlap between labels and features
+ Keeping labels of 34 sample(s).
+++ checking sample number per class
+++ checking overlap between samples and metadata
+ finished validate.data in 0.013 s
+ starting normalize.features
+ normalizing original features
+++ performing de novo normalization using the  log.std  method
+++ removed 593 features with no variation across samples
                        (retaining 199)
+++ checking if parameters are compatible with each other
+ feature sparsity before normalization: 67.31%
+++ performing normalization
+++ feature sparsity after normalization:      0 %
+ finished normalize.features in 0.002 s
Features splitted for cross-validation successfully.
Trained lasso models successfully.
Made predictions successfully.
Setting levels: control = -1, case = 1
Setting direction: controls < cases
Setting levels: control = -1, case = 1
Setting direction: controls < cases
Setting levels: control = -1, case = 1
Setting direction: controls < cases
Setting levels: control = -1, case = 1
Setting direction: controls < cases
Setting levels: control = -1, case = 1
Setting direction: controls < cases
Setting levels: control = -1, case = 1
Setting direction: controls < cases
Setting levels: control = -1, case = 1
Setting direction: controls < cases
Setting levels: control = -1, case = 1
Setting direction: controls < cases
Setting levels: control = -1, case = 1
Setting direction: controls < cases
Setting levels: control = -1, case = 1
Setting direction: controls < cases
Setting levels: control = -1, case = 1
Setting direction: controls < cases
Evaluated predictions successfully.
Successfully trained a single study model for study Chaudhari_SG 
+ starting create.label
Label used as case:
   1
Label used as control:
   0
+ finished create.label.from.metadata in 0.001 s
+ starting validate.data
+++ checking overlap between labels and features
+ Keeping labels of 216 sample(s).
+++ checking sample number per class
+++ checking overlap between samples and metadata
+ finished validate.data in 0.015 s
+ starting normalize.features
+ normalizing original features
+++ performing de novo normalization using the  log.std  method
+++ removed 427 features with no variation across samples
                        (retaining 365)
+++ checking if parameters are compatible with each other
+ feature sparsity before normalization:  76.9%
+++ performing normalization
+++ feature sparsity after normalization:      0 %
+ finished normalize.features in 0.007 s
Features splitted for cross-validation successfully.
Trained lasso models successfully.
Made predictions successfully.
Setting levels: control = -1, case = 1
Setting direction: controls < cases
Setting levels: control = -1, case = 1
Setting direction: controls < cases
Setting levels: control = -1, case = 1
Setting direction: controls < cases
Setting levels: control = -1, case = 1
Setting direction: controls < cases
Setting levels: control = -1, case = 1
Setting direction: controls < cases
Setting levels: control = -1, case = 1
Setting direction: controls < cases
Setting levels: control = -1, case = 1
Setting direction: controls < cases
Setting levels: control = -1, case = 1
Setting direction: controls < cases
Setting levels: control = -1, case = 1
Setting direction: controls < cases
Setting levels: control = -1, case = 1
Setting direction: controls < cases
Setting levels: control = -1, case = 1
Setting direction: controls < cases
Evaluated predictions successfully.
Successfully trained a LOSO model for study Chaudhari_SG 
+ starting create.label
Label used as case:
   1
Label used as control:
   0
+ finished create.label.from.metadata in 0.001 s
+ starting validate.data
+++ checking overlap between labels and features
+ Keeping labels of 28 sample(s).
+++ checking sample number per class
+++ checking overlap between samples and metadata
+ finished validate.data in 0.013 s
+ starting normalize.features
+ normalizing original features
+++ performing de novo normalization using the  log.std  method
+++ removed 562 features with no variation across samples
                        (retaining 230)
+++ checking if parameters are compatible with each other
+ feature sparsity before normalization: 62.64%
+++ performing normalization
+++ feature sparsity after normalization:      0 %
+ finished normalize.features in 0.002 s
Features splitted for cross-validation successfully.
Trained lasso models successfully.
Made predictions successfully.
Setting levels: control = -1, case = 1
Setting direction: controls > cases
Setting levels: control = -1, case = 1
Setting direction: controls < cases
Setting levels: control = -1, case = 1
Setting direction: controls < cases
Setting levels: control = -1, case = 1
Setting direction: controls < cases
Setting levels: control = -1, case = 1
Setting direction: controls > cases
Setting levels: control = -1, case = 1
Setting direction: controls > cases
Setting levels: control = -1, case = 1
Setting direction: controls < cases
Setting levels: control = -1, case = 1
Setting direction: controls < cases
Setting levels: control = -1, case = 1
Setting direction: controls > cases
Setting levels: control = -1, case = 1
Setting direction: controls > cases
Setting levels: control = -1, case = 1
Setting direction: controls < cases
Evaluated predictions successfully.
Successfully trained a single study model for study Lazaro_SG 
+ starting create.label
Label used as case:
   1
Label used as control:
   0
+ finished create.label.from.metadata in 0.001 s
+ starting validate.data
+++ checking overlap between labels and features
+ Keeping labels of 222 sample(s).
+++ checking sample number per class
+++ checking overlap between samples and metadata
+ finished validate.data in 0.026 s
+ starting normalize.features
+ normalizing original features
+++ performing de novo normalization using the  log.std  method
+++ removed 435 features with no variation across samples
                        (retaining 357)
+++ checking if parameters are compatible with each other
+ feature sparsity before normalization: 77.27%
+++ performing normalization
+++ feature sparsity after normalization:      0 %
+ finished normalize.features in 0.007 s
Features splitted for cross-validation successfully.
Trained lasso models successfully.
Made predictions successfully.
Setting levels: control = -1, case = 1
Setting direction: controls < cases
Setting levels: control = -1, case = 1
Setting direction: controls < cases
Setting levels: control = -1, case = 1
Setting direction: controls < cases
Setting levels: control = -1, case = 1
Setting direction: controls < cases
Setting levels: control = -1, case = 1
Setting direction: controls < cases
Setting levels: control = -1, case = 1
Setting direction: controls < cases
Setting levels: control = -1, case = 1
Setting direction: controls < cases
Setting levels: control = -1, case = 1
Setting direction: controls < cases
Setting levels: control = -1, case = 1
Setting direction: controls < cases
Setting levels: control = -1, case = 1
Setting direction: controls < cases
Setting levels: control = -1, case = 1
Setting direction: controls < cases
Evaluated predictions successfully.
Successfully trained a LOSO model for study Lazaro_SG 
There were 50 or more warnings (use warnings() to see the first 50)
+ starting validate.data
+++ checking overlap between labels and features
+ Keeping labels of 67 sample(s).
+ finished validate.data in 0.006 s
Features normalized successfully.
Made predictions successfully.
+ starting validate.data
+++ checking overlap between labels and features
+ Keeping labels of 22 sample(s).
+ finished validate.data in 0.005 s
Features normalized successfully.
Made predictions successfully.
+ starting validate.data
+++ checking overlap between labels and features
+ Keeping labels of 38 sample(s).
+ finished validate.data in 0.005 s
Features normalized successfully.
Made predictions successfully.
+ starting validate.data
+++ checking overlap between labels and features
+ Keeping labels of 34 sample(s).
+ finished validate.data in 0.005 s
Features normalized successfully.
Made predictions successfully.
+ starting validate.data
+++ checking overlap between labels and features
+ Keeping labels of 28 sample(s).
+ finished validate.data in 0.004 s
Features normalized successfully.
Made predictions successfully.
+ starting validate.data
+++ checking overlap between labels and features
+ Keeping labels of 61 sample(s).
+ finished validate.data in 0.005 s
Features normalized successfully.
Made predictions successfully.
+ starting validate.data
+++ checking overlap between labels and features
+ Keeping labels of 22 sample(s).
+ finished validate.data in 0.004 s
Features normalized successfully.
Made predictions successfully.
+ starting validate.data
+++ checking overlap between labels and features
+ Keeping labels of 38 sample(s).
+ finished validate.data in 0.004 s
Features normalized successfully.
Made predictions successfully.
+ starting validate.data
+++ checking overlap between labels and features
+ Keeping labels of 34 sample(s).
+ finished validate.data in 0.004 s
Features normalized successfully.
Made predictions successfully.
+ starting validate.data
+++ checking overlap between labels and features
+ Keeping labels of 28 sample(s).
+ finished validate.data in 0.004 s
Features normalized successfully.
Made predictions successfully.
+ starting validate.data
+++ checking overlap between labels and features
+ Keeping labels of 61 sample(s).
+ finished validate.data in 0.004 s
Features normalized successfully.
Made predictions successfully.
+ starting validate.data
+++ checking overlap between labels and features
+ Keeping labels of 67 sample(s).
+ finished validate.data in 0.005 s
Features normalized successfully.
Made predictions successfully.
+ starting validate.data
+++ checking overlap between labels and features
+ Keeping labels of 38 sample(s).
+ finished validate.data in 0.005 s
Features normalized successfully.
Made predictions successfully.
+ starting validate.data
+++ checking overlap between labels and features
+ Keeping labels of 34 sample(s).
+ finished validate.data in 0.004 s
Features normalized successfully.
Made predictions successfully.
+ starting validate.data
+++ checking overlap between labels and features
+ Keeping labels of 28 sample(s).
+ finished validate.data in 0.005 s
Features normalized successfully.
Made predictions successfully.
+ starting validate.data
+++ checking overlap between labels and features
+ Keeping labels of 61 sample(s).
+ finished validate.data in 0.005 s
Features normalized successfully.
Made predictions successfully.
+ starting validate.data
+++ checking overlap between labels and features
+ Keeping labels of 67 sample(s).
+ finished validate.data in 0.005 s
Features normalized successfully.
Made predictions successfully.
+ starting validate.data
+++ checking overlap between labels and features
+ Keeping labels of 22 sample(s).
+ finished validate.data in 0.005 s
Features normalized successfully.
Made predictions successfully.
+ starting validate.data
+++ checking overlap between labels and features
+ Keeping labels of 34 sample(s).
+ finished validate.data in 0.005 s
Features normalized successfully.
Made predictions successfully.
+ starting validate.data
+++ checking overlap between labels and features
+ Keeping labels of 28 sample(s).
+ finished validate.data in 0.005 s
Features normalized successfully.
Made predictions successfully.
+ starting validate.data
+++ checking overlap between labels and features
+ Keeping labels of 61 sample(s).
+ finished validate.data in 0.005 s
Features normalized successfully.
Made predictions successfully.
+ starting validate.data
+++ checking overlap between labels and features
+ Keeping labels of 67 sample(s).
+ finished validate.data in 0.005 s
Features normalized successfully.
Made predictions successfully.
+ starting validate.data
+++ checking overlap between labels and features
+ Keeping labels of 22 sample(s).
+ finished validate.data in 0.004 s
Features normalized successfully.
Made predictions successfully.
+ starting validate.data
+++ checking overlap between labels and features
+ Keeping labels of 38 sample(s).
+ finished validate.data in 0.005 s
Features normalized successfully.
Made predictions successfully.
+ starting validate.data
+++ checking overlap between labels and features
+ Keeping labels of 28 sample(s).
+ finished validate.data in 0.004 s
Features normalized successfully.
Made predictions successfully.
+ starting validate.data
+++ checking overlap between labels and features
+ Keeping labels of 61 sample(s).
+ finished validate.data in 0.005 s
Features normalized successfully.
Made predictions successfully.
+ starting validate.data
+++ checking overlap between labels and features
+ Keeping labels of 67 sample(s).
+ finished validate.data in 0.005 s
Features normalized successfully.
Made predictions successfully.
+ starting validate.data
+++ checking overlap between labels and features
+ Keeping labels of 22 sample(s).
+ finished validate.data in 0.005 s
Features normalized successfully.
Made predictions successfully.
+ starting validate.data
+++ checking overlap between labels and features
+ Keeping labels of 38 sample(s).
+ finished validate.data in 0.004 s
Features normalized successfully.
Made predictions successfully.
+ starting validate.data
+++ checking overlap between labels and features
+ Keeping labels of 34 sample(s).
+ finished validate.data in 0.005 s
Features normalized successfully.
Made predictions successfully.
There were 35 warnings (use warnings() to see them)
+ starting validate.data
+++ checking overlap between labels and features
+ Keeping labels of 61 sample(s).
+ finished validate.data in 0.004 s
Features normalized successfully.
Made predictions successfully.
+ starting validate.data
+++ checking overlap between labels and features
+ Keeping labels of 67 sample(s).
+ finished validate.data in 0.005 s
Features normalized successfully.
Made predictions successfully.
+ starting validate.data
+++ checking overlap between labels and features
+ Keeping labels of 22 sample(s).
+ finished validate.data in 0.005 s
Features normalized successfully.
Made predictions successfully.
+ starting validate.data
+++ checking overlap between labels and features
+ Keeping labels of 38 sample(s).
+ finished validate.data in 0.005 s
Features normalized successfully.
Made predictions successfully.
+ starting validate.data
+++ checking overlap between labels and features
+ Keeping labels of 34 sample(s).
+ finished validate.data in 0.009 s
Features normalized successfully.
Made predictions successfully.
+ starting validate.data
+++ checking overlap between labels and features
+ Keeping labels of 28 sample(s).
+ finished validate.data in 0.004 s
Features normalized successfully.
Made predictions successfully.
Warning messages:
1: In validate.label(label, feat, meta, case, verbose) :
  No label information given! Generating SIAMCAT object with placeholder label!
	This SIAMCAT object is not suitable for the complete workflow...
2: In validate.label(label, feat, meta, case, verbose) :
  No label information given! Generating SIAMCAT object with placeholder label!
	This SIAMCAT object is not suitable for the complete workflow...
3: In validate.label(label, feat, meta, case, verbose) :
  No label information given! Generating SIAMCAT object with placeholder label!
	This SIAMCAT object is not suitable for the complete workflow...
4: In validate.label(label, feat, meta, case, verbose) :
  No label information given! Generating SIAMCAT object with placeholder label!
	This SIAMCAT object is not suitable for the complete workflow...
5: In validate.label(label, feat, meta, case, verbose) :
  No label information given! Generating SIAMCAT object with placeholder label!
	This SIAMCAT object is not suitable for the complete workflow...
6: In validate.label(label, feat, meta, case, verbose) :
  No label information given! Generating SIAMCAT object with placeholder label!
	This SIAMCAT object is not suitable for the complete workflow...
Successfully build models in 1252.338 second...
