INFO:    Mounting image with FUSE.
Read table: /scratch/rgupta25/rygb/pipeline/37_CompareStudiesSV/input//Seq_BS_MixedLinearModelResults.txt
Read table: /scratch/rgupta25/rygb/pipeline/37_CompareStudiesSV/input//Seq_BS_MixedLinearModelResults.txt
Read table: /scratch/rgupta25/rygb/pipeline/37_CompareStudiesSV/input//Seq_BS_MixedLinearModelResults.txt
Read table: /scratch/rgupta25/rygb/pipeline/37_CompareStudiesSV/input//Seq_Assal_MixedLinearModelResults.txt
Read table: /scratch/rgupta25/rygb/pipeline/37_CompareStudiesSV/input//Seq_BS_MixedLinearModelResults.txt
Read table: /scratch/rgupta25/rygb/pipeline/37_CompareStudiesSV/input//Seq_Assal_MixedLinearModelResults.txt
Read table: /scratch/rgupta25/rygb/pipeline/37_CompareStudiesSV/input//Seq_BS_MixedLinearModelResults.txt
Read table: /scratch/rgupta25/rygb/pipeline/37_CompareStudiesSV/input//Seq_Assal_MixedLinearModelResults.txt
Read table: /scratch/rgupta25/rygb/pipeline/37_CompareStudiesSV/input//Seq_BS_MixedLinearModelResults.txt
Read table: /scratch/rgupta25/rygb/pipeline/37_CompareStudiesSV/input//Seq_Assal_MixedLinearModelResults.txt
Read table: /scratch/rgupta25/rygb/pipeline/37_CompareStudiesSV/input//Seq_BS_MixedLinearModelResults.txt
Read table: /scratch/rgupta25/rygb/pipeline/37_CompareStudiesSV/input//Seq_Assal_MixedLinearModelResults.txt
Read table: /scratch/rgupta25/rygb/pipeline/37_CompareStudiesSV/input//Seq_BS_MixedLinearModelResults.txt
Read table: /scratch/rgupta25/rygb/pipeline/37_CompareStudiesSV/input//Seq_Assal_MixedLinearModelResults.txt
Read table: /scratch/rgupta25/rygb/pipeline/37_CompareStudiesSV/input//Seq_Assal_MixedLinearModelResults.txt
Read table: /scratch/rgupta25/rygb/pipeline/37_CompareStudiesSV/input//Seq_Assal_MixedLinearModelResults.txt
Read table: /scratch/rgupta25/rygb/pipeline/37_CompareStudiesSV/input//Seq_Assal_MixedLinearModelResults.txt
Read table: /scratch/rgupta25/rygb/pipeline/37_CompareStudiesSV/input//Seq_Assal_MixedLinearModelResults.txt
Read table: /scratch/rgupta25/rygb/pipeline/37_CompareStudiesSV/input//Seq_Assal_MixedLinearModelResults.txt
Read table: /scratch/rgupta25/rygb/pipeline/37_CompareStudiesSV/input//Seq_Assal_MixedLinearModelResults.txt
Read table: /scratch/rgupta25/rygb/pipeline/37_CompareStudiesSV/input//Seq_BS_MixedLinearModelResults.txt
Read table: /scratch/rgupta25/rygb/pipeline/37_CompareStudiesSV/input//Seq_BS_MixedLinearModelResults.txt
Read table: /scratch/rgupta25/rygb/pipeline/37_CompareStudiesSV/input//Seq_BS_MixedLinearModelResults.txt
Read table: /scratch/rgupta25/rygb/pipeline/37_CompareStudiesSV/input//Seq_Assal_MixedLinearModelResults.txt
Read table: /scratch/rgupta25/rygb/pipeline/37_CompareStudiesSV/input//Seq_BS_MixedLinearModelResults.txt
Read table: /scratch/rgupta25/rygb/pipeline/37_CompareStudiesSV/input//Seq_Assal_MixedLinearModelResults.txt
Read table: /scratch/rgupta25/rygb/pipeline/37_CompareStudiesSV/input//Seq_BS_MixedLinearModelResults.txt
Read table: /scratch/rgupta25/rygb/pipeline/37_CompareStudiesSV/input//Seq_Assal_MixedLinearModelResults.txt
Read table: /scratch/rgupta25/rygb/pipeline/37_CompareStudiesSV/input//Seq_BS_MixedLinearModelResults.txt
Read table: /scratch/rgupta25/rygb/pipeline/37_CompareStudiesSV/input//Seq_Assal_MixedLinearModelResults.txt
Read table: /scratch/rgupta25/rygb/pipeline/37_CompareStudiesSV/input//Seq_BS_MixedLinearModelResults.txt
Read table: /scratch/rgupta25/rygb/pipeline/37_CompareStudiesSV/input//Seq_Assal_MixedLinearModelResults.txt
Read table: /scratch/rgupta25/rygb/pipeline/37_CompareStudiesSV/input//Seq_BS_MixedLinearModelResults.txt
Read table: /scratch/rgupta25/rygb/pipeline/37_CompareStudiesSV/input//Seq_Assal_MixedLinearModelResults.txt
Read table: /scratch/rgupta25/rygb/pipeline/37_CompareStudiesSV/input//Seq_Assal_MixedLinearModelResults.txt
Read table: /scratch/rgupta25/rygb/pipeline/37_CompareStudiesSV/input//Seq_Assal_MixedLinearModelResults.txt
Read table: /scratch/rgupta25/rygb/pipeline/37_CompareStudiesSV/input//Seq_Assal_MixedLinearModelResults.txt
Read table: /scratch/rgupta25/rygb/pipeline/37_CompareStudiesSV/input//Seq_Assal_MixedLinearModelResults.txt
Read table: /scratch/rgupta25/rygb/pipeline/37_CompareStudiesSV/input//Seq_Assal_MixedLinearModelResults.txt
Read table: /scratch/rgupta25/rygb/pipeline/37_CompareStudiesSV/input//Seq_Assal_MixedLinearModelResults.txt
null device 
          1 
null device 
          1 
null device 
          1 
