=== stage 6  Tue Sep 15 12:03:24 PM EDT 2026
pipeline root: /scratch/rgupta25/rygb/pipeline
input tree staged: 43 files
modules scaffolded: 22
Loading python/3.12.3
  Loading requirement: miniforge/25.9
convergence guard applied to: Afshar_DADA2_16S.R, Afshar_kraken2_16S.R, Assal_DADA2_16S.R, Assal_kraken2_16S.R, BS_DADA2_16S.R, Ilhan_DADA2_16S.R, Ilhan_kraken2_16S.R

======================================== 00_AfsharTaxaClass  [rbase] 12:03:43
   ok   rc=0  outputs=6

======================================== 01_AssalTaxaClass  [rbase] 12:04:01
   ok   rc=0  outputs=7

======================================== 02_BSTaxaClass  [rbase] 12:04:23
   ok   rc=0  outputs=12

======================================== 03_IlhanTaxaClass  [rbase] 12:04:30
   ok   rc=0  outputs=6

======================================== 04_CombineCountTableslog10  [nlme] 12:05:01
   ok   rc=0  outputs=2

======================================== 05_CombineCountTablesrelab  [nlme] 12:05:06
   ok   rc=0  outputs=2

======================================== 06_PCO  [r-vegan] 12:05:12
   ok   rc=0  outputs=2

======================================== 07_AfsharDADA  [rbase] 12:05:21
   ok   rc=0  outputs=6

======================================== 08_AssalDADA  [rbase] 12:05:46
   ok   rc=0  outputs=7

======================================== 09_BSDADA  [rbase] 12:07:01
   ok   rc=0  outputs=7

======================================== 10_IlhanDADA  [rbase] 12:07:35
   ok   rc=0  outputs=6

======================================== 11_CompareStudies16S  [comparestudies] 12:07:58
   ok   rc=0  outputs=6

======================================== 12_Heatmap  [complexheatmap] 12:08:15
   ok   rc=0  outputs=1

======================================== 13_AfsharKraken  [nlme] 12:08:22
   ok   rc=0  outputs=7

======================================== 14_AssalKraken  [nlme] 12:08:45
   ok   rc=0  outputs=7

======================================== 15_BSKraken  [nlme] 12:09:44
   ok   rc=0  outputs=7

======================================== 16_IlhanKraken  [nlme] 12:10:09
   ok   rc=0  outputs=7
-- skip 17_BSMetagenomics (phase 2: needs metagenomic input)
-- skip 18_PallejaMetagenomics (phase 2: needs metagenomic input)
-- skip 19_OppPathogens (phase 2: needs metagenomic input)
-- skip 20_CompareStudiesMetagenomics (phase 2: needs metagenomic input)
-- skip 21_BSpathway (phase 2: needs metagenomic input)
-- skip 22_Pallejapathway (phase 2: needs metagenomic input)
-- skip 23_CompareStudiesPathways (phase 2: needs metagenomic input)

======================================== 24_Diversity  [r-vegan] 12:10:37
   ok   rc=0  outputs=2

======================================== 25_CompareStudiesSV  [comparestudies] 12:10:47
   ok   rc=0  outputs=6

======================================== 26_SVAnalysis  [comparestudies] 12:10:57
   ok   rc=0  outputs=1

======================================== 27_TrainModellasso  [siamcat] 12:11:06
   ok   rc=0  outputs=33

======================================== 28_FigPerformlasso  [fig-perform] 12:26:26
   ok   rc=0  outputs=2

=== done  Tue Sep 15 12:26:40 PM EDT 2026   modules ok: 22   failed: 0

--- figures produced
   /scratch/rgupta25/rygb/pipeline/06_PCO/output/Genus_PCO.pdf
   /scratch/rgupta25/rygb/pipeline/11_CompareStudies16S/output/Genus_BoxPlotCorrelations.pdf
   /scratch/rgupta25/rygb/pipeline/11_CompareStudies16S/output/Genus_coefficientsFromScatterPlots.pdf
   /scratch/rgupta25/rygb/pipeline/11_CompareStudies16S/output/Genus_mainFigure1cd.pdf
   /scratch/rgupta25/rygb/pipeline/11_CompareStudies16S/output/Genus_scatterPlots.pdf
   /scratch/rgupta25/rygb/pipeline/12_Heatmap/output/Genus_HeatmapAndCluster.pdf
   /scratch/rgupta25/rygb/pipeline/24_Diversity/output/Diversity.pdf
   /scratch/rgupta25/rygb/pipeline/25_CompareStudiesSV/output/coefficientsFromScatterPlots_compareSVandGenus.pdf
   /scratch/rgupta25/rygb/pipeline/25_CompareStudiesSV/output/Seq_coefficientsFromScatterPlots.pdf
   /scratch/rgupta25/rygb/pipeline/25_CompareStudiesSV/output/Seq_scatterPlots.pdf
   /scratch/rgupta25/rygb/pipeline/26_SVAnalysis/output/SV_BS_Assal.pdf
   /scratch/rgupta25/rygb/pipeline/28_FigPerformlasso/output/loso_performance_lasso.pdf
   /scratch/rgupta25/rygb/pipeline/28_FigPerformlasso/output/performance_heatmap_lasso.pdf

--- key tables vs the repo's published versions
   Genus_PairwiseComparison.txt           ours    29 lines | repo    29 lines
   Genus_countTable_merged_log10.txt      ours   189 lines | repo   189 lines
   metaData_merged.txt                    ours   189 lines | repo   189 lines

--- THE headline number: mean Spearman r across different-study pairs
    the paper's abstract says 0.41 +/- 0.10; the repo's own table gives 0.410 +/- 0.098
   ours  all pairs: r = 0.436 +/- 0.126 (n=28) | different-study: r = 0.396 +/- 0.097 (n=23)
   repo  all pairs: r = 0.450 +/- 0.126 (n=28) | different-study: r = 0.410 +/- 0.098 (n=23)
