ours: /scratch/rgupta25/rygb/pipeline/27_TrainModellasso/output/lasso/predictions_lasso.tsv
      /scratch/rgupta25/rygb/pipeline/05_CombineCountTablesrelab/output/metaData_merged.txt
repo: /scratch/rgupta25/rygb/RYGB_IntegratedAnalysis2020/output/lasso/predictions_lasso.tsv
INFO:    Mounting image with FUSE.

=== OURS (regenerated from raw reads) 
       Afshar Assal    BS Ilhan  LOSO
Afshar  0.701 0.825 0.986 0.718 0.823
Assal   0.740 0.948 0.885 0.846 0.840
BS      0.864 0.864 0.969 0.769 0.947
Ilhan   0.612 0.706 0.569 0.718 0.803
  within-study (CV) mean AUROC : 0.834
  study-to-study transfer mean : 0.782
  leave-one-study-out mean     : 0.853
Warning message:
Column `Sample_ID` joining factor and character vector, coercing into character vector 

=== REPO (published) 
       Afshar Assal    BS Ilhan  LOSO
Afshar  0.670 0.845 0.983 0.701 0.828
Assal   0.698 0.948 0.901 0.735 0.836
BS      0.861 0.867 0.974 0.769 0.946
Ilhan   0.623 0.757 0.591 0.667 0.769
  within-study (CV) mean AUROC : 0.815
  study-to-study transfer mean : 0.778
  leave-one-study-out mean     : 0.845
Warning message:
Column `Sample_ID` joining factor and character vector, coercing into character vector 

=== difference (ours - repo)
       Afshar  Assal     BS Ilhan   LOSO
Afshar  0.030 -0.020  0.003 0.017 -0.006
Assal   0.042  0.000 -0.016 0.111  0.004
BS      0.003 -0.003 -0.005 0.000  0.001
Ilhan  -0.011 -0.051 -0.023 0.051  0.034

mean |difference| = 0.022   max |difference| = 0.111
