Loading kraken2/2.1.3
  Loading requirement: jellyfish/2.3.1
=== Ilhan  82 filtered samples (expect 82)   Tue Sep 15 10:17:34 AM EDT 2026
db: /users/rgupta25/rygb/db/kraken2  (47G)
first sample (includes index load): 190s

=== Ilhan done  Tue Sep 15 10:22:45 AM EDT 2026   elapsed 311s
classified now: 82 | already present: 0 | failures: 0
mpa reports: 82 (expect 82)

--- classification rates (from the per-sample logs)
    min 98.77%  median 99.96%  max 100.00%
--- a sample report, deepest lines
    SRR11292124.mpa
    d__Eukaryota|k__Metazoa|p__Chordata|c__Mammalia|o__Primates|f__Hominidae|g__Homo|s__Homo sapiens	6
    d__Bacteria|p__Verrucomicrobia|c__Verrucomicrobiae|o__Verrucomicrobiales|f__Akkermansiaceae|g__Akkermansia|s__Akkermansia muciniphila	2
    d__Bacteria|p__Tenericutes|c__Mollicutes|o__Mycoplasmatales|f__Mycoplasmataceae|g__Mycoplasma|s__Mycoplasma penetrans	4
    d__Bacteria|p__Tenericutes|c__Mollicutes|o__Mycoplasmatales|f__Mycoplasmataceae|g__Mycoplasma|s__Mycoplasma ovis	1
    d__Bacteria|p__Tenericutes|c__Mollicutes|o__Entomoplasmatales|f__Spiroplasmataceae|g__Spiroplasma|s__Spiroplasma apis	3
--- rank coverage in that sample (how many taxa are named at each rank)
    p__ 16
    c__ 26
    o__ 53
    f__ 87
    g__ 152
    s__ 189
