Loading kraken2/2.1.3
  Loading requirement: jellyfish/2.3.1
=== BS16S  61 filtered samples (expect 61)   Tue Sep 15 10:17:34 AM EDT 2026
db: /users/rgupta25/rygb/db/kraken2  (47G)
first sample (includes index load): 119s

=== BS16S done  Tue Sep 15 10:22:29 AM EDT 2026   elapsed 295s
classified now: 61 | already present: 0 | failures: 0
mpa reports: 61 (expect 61)

--- classification rates (from the per-sample logs)
    min 99.90%  median 100.00%  max 100.00%
--- a sample report, deepest lines
    SAMPLE-10.mpa
    d__Bacteria|p__Verrucomicrobia|c__Verrucomicrobiae|o__Verrucomicrobiales|f__Verrucomicrobiaceae|g__Roseimicrobium|s__Roseimicrobium sp. ORNL1	1
    d__Bacteria|p__Verrucomicrobia|c__Verrucomicrobiae|o__Verrucomicrobiales|f__Akkermansiaceae|g__Akkermansia|s__Akkermansia muciniphila	1648
    d__Bacteria|p__Proteobacteria|c__Gammaproteobacteria|o__Pseudomonadales|f__Pseudomonadaceae|g__Pseudomonas|s__Pseudomonas synxantha	1
    d__Bacteria|p__Proteobacteria|c__Gammaproteobacteria|o__Enterobacterales|f__Yersiniaceae|g__Yersinia|s__Yersinia entomophaga	1
    d__Bacteria|p__Proteobacteria|c__Gammaproteobacteria|o__Enterobacterales|f__Yersiniaceae|g__Yersinia|s__Yersinia enterocolitica	1
--- rank coverage in that sample (how many taxa are named at each rank)
    p__ 9
    c__ 18
    o__ 26
    f__ 50
    g__ 102
    s__ 132
