=== Lazaro_SG  primer=NONE truncLen=200 trimLeft=0  expect 200bp ASVs   Mon Sep 28 10:35:21 PM EDT 2026
raw files: 28

--- where does the 16S conserved region sit in the raw reads? (first file, 5000 reads)
       4311 10
        519 no-515F-anchor
        100 9
         32 7

--- DADA2
samples: 28 
reads in/out — median retention: 95.4 %
103849400 total bases in 519247 reads from 19 samples will be used for learning the error rates.
ASVs before chimera removal: 3526 
ASVs after chimera removal: 2949 | reads kept: 92.1 %
ASV length distribution:

 200 
2949 

wrote: filter_track.txt ForwardReads.txt taxForwardReads.txt 

=== Lazaro_SG done (rc=0)  Mon Sep 28 10:41:15 PM EDT 2026
repo had 0 ASVs for this study
   total 1.6M
   -rw-r--r-- 1 rgupta25 rgupta25  691 Sep 28 22:41 filter_track.txt
   -rw-r--r-- 1 rgupta25 rgupta25 754K Sep 28 22:41 ForwardReads.txt
   -rw-r--r-- 1 rgupta25 rgupta25 794K Sep 28 22:41 taxForwardReads.txt
filtered reads kept for Kraken2: 28 files, 55M
