Loading kraken2/2.1.3
  Loading requirement: jellyfish/2.3.1
=== Chaudhari_SG  34 filtered samples (expect 34)   Mon Sep 28 11:28:05 PM EDT 2026
db: /users/rgupta25/rygb/db/kraken2  (47G)
first sample (includes index load): 143s

=== Chaudhari_SG done  Mon Sep 28 11:34:24 PM EDT 2026   elapsed 379s
classified now: 34 | already present: 0 | failures: 0
mpa reports: 34 (expect 34)

--- classification rates (from the per-sample logs)
    min 99.92%  median 99.98%  max 100.00%
--- a sample report, deepest lines
    SRR11856028.mpa
    d__Eukaryota|k__Metazoa|p__Chordata|c__Mammalia|o__Primates|f__Hominidae|g__Homo|s__Homo sapiens	11
    d__Bacteria|p__Verrucomicrobia|c__Verrucomicrobiae|o__Verrucomicrobiales|f__Akkermansiaceae|g__Akkermansia|s__Akkermansia muciniphila	100
    d__Bacteria|p__Tenericutes|c__Mollicutes|o__Mycoplasmatales|f__Mycoplasmataceae|g__Mycoplasma|s__Mycoplasma penetrans	1
    d__Bacteria|p__Proteobacteria|c__Oligoflexia|o__Bacteriovoracales|f__Bacteriovoracaceae|g__Bacteriovorax|s__Bacteriovorax stolpii	1
    d__Bacteria|p__Proteobacteria|c__Gammaproteobacteria|o__Pseudomonadales|f__Moraxellaceae|g__Moraxella|s__Moraxella catarrhalis	1
--- rank coverage in that sample (how many taxa are named at each rank)
    p__ 11
    c__ 24
    o__ 37
    f__ 62
    g__ 116
    s__ 165
