Loading kraken2/2.1.3
  Loading requirement: jellyfish/2.3.1
=== Lazaro_GB  20 filtered samples (expect 20)   Mon Sep 28 11:28:05 PM EDT 2026
db: /users/rgupta25/rygb/db/kraken2  (47G)
first sample (includes index load): 165s

=== Lazaro_GB done  Mon Sep 28 11:36:15 PM EDT 2026   elapsed 490s
classified now: 20 | already present: 0 | failures: 0
mpa reports: 20 (expect 20)

--- classification rates (from the per-sample logs)
    min 98.31%  median 99.95%  max 100.00%
--- a sample report, deepest lines
    SRR20283897.mpa
    d__Eukaryota|k__Metazoa|p__Chordata|c__Mammalia|o__Primates|f__Hominidae|g__Homo|s__Homo sapiens	1
    d__Bacteria|p__Verrucomicrobia|c__Verrucomicrobiae|o__Verrucomicrobiales|f__Verrucomicrobiaceae|g__Verrucomicrobium|s__Verrucomicrobium sp. GAS474	1
    d__Bacteria|p__Verrucomicrobia|c__Verrucomicrobiae|o__Verrucomicrobiales|f__Verrucomicrobiaceae|g__Luteolibacter|s__Luteolibacter sp. G-1-1-1	1
    d__Bacteria|p__Verrucomicrobia|c__Verrucomicrobiae|o__Verrucomicrobiales|f__Akkermansiaceae|g__Akkermansia|s__Akkermansia muciniphila	804
    d__Bacteria|p__Tenericutes|c__Mollicutes|o__Mycoplasmatales|f__Mycoplasmataceae|g__Mycoplasma|s__Mycoplasma penetrans	1
--- rank coverage in that sample (how many taxa are named at each rank)
    p__ 13
    c__ 25
    o__ 43
    f__ 80
    g__ 154
    s__ 208
