INFO:    Mounting image with FUSE.
Loading required package: permute
Loading required package: lattice
This is vegan 2.5-6
Taking input files from folder: /scratch/rgupta25/rygb/pipeline/08_CombineCountTableslog10/output
Using resource file: /scratch/rgupta25/rygb/pipeline/10_PCO/resources/functions.R
Reading input table: /scratch/rgupta25/rygb/pipeline/08_CombineCountTableslog10/output/Genus_countTable_merged_log10.txt
Reading metadata from file: /scratch/rgupta25/rygb/pipeline/08_CombineCountTableslog10/output/metaData_merged.txt
Saving output to file: /scratch/rgupta25/rygb/pipeline/10_PCO/output//Genus_PCO.pdf
null device 
          1 
Saving permanova summary to file: /scratch/rgupta25/rygb/pipeline/10_PCO/output//Genus_permanovaResults.txt

All done!

R version 3.6.3 (2020-02-29)
Platform: x86_64-pc-linux-gnu (64-bit)
Running under: Debian GNU/Linux bullseye/sid

Matrix products: default
BLAS:   /usr/lib/x86_64-linux-gnu/blas/libblas.so.3.9.0
LAPACK: /usr/lib/x86_64-linux-gnu/lapack/liblapack.so.3.9.0

locale:
 [1] LC_CTYPE=en_US.UTF-8       LC_NUMERIC=C              
 [3] LC_TIME=en_US.UTF-8        LC_COLLATE=en_US.UTF-8    
 [5] LC_MONETARY=en_US.UTF-8    LC_MESSAGES=en_US.UTF-8   
 [7] LC_PAPER=en_US.UTF-8       LC_NAME=C                 
 [9] LC_ADDRESS=C               LC_TELEPHONE=C            
[11] LC_MEASUREMENT=en_US.UTF-8 LC_IDENTIFICATION=C       

attached base packages:
[1] stats     graphics  grDevices utils     datasets  methods   base     

other attached packages:
[1] stringr_1.4.0   vegan_2.5-6     lattice_0.20-41 permute_0.9-5  

loaded via a namespace (and not attached):
 [1] MASS_7.3-51.5  compiler_3.6.3 magrittr_1.5   Matrix_1.2-18  parallel_3.6.3
 [6] tools_3.6.3    mgcv_1.8-31    stringi_1.5.3  splines_3.6.3  nlme_3.1-150  
[11] grid_3.6.3     cluster_2.1.0 
