INFO:    Mounting image with FUSE.
There were 50 or more warnings (use warnings() to see the first 50)
Read table: /scratch/rgupta25/rygb/pipeline/31_CompareStudiesSV/input//Seq_BS_MixedLinearModelResults.txt
Read table: /scratch/rgupta25/rygb/pipeline/31_CompareStudiesSV/input//Seq_BS_MixedLinearModelResults.txt
Read table: /scratch/rgupta25/rygb/pipeline/31_CompareStudiesSV/input//Seq_BS_MixedLinearModelResults.txt
Read table: /scratch/rgupta25/rygb/pipeline/31_CompareStudiesSV/input//Seq_Assal_MixedLinearModelResults.txt
Read table: /scratch/rgupta25/rygb/pipeline/31_CompareStudiesSV/input//Seq_BS_MixedLinearModelResults.txt
Read table: /scratch/rgupta25/rygb/pipeline/31_CompareStudiesSV/input//Seq_Assal_MixedLinearModelResults.txt
Read table: /scratch/rgupta25/rygb/pipeline/31_CompareStudiesSV/input//Seq_BS_MixedLinearModelResults.txt
Read table: /scratch/rgupta25/rygb/pipeline/31_CompareStudiesSV/input//Seq_Assal_MixedLinearModelResults.txt
Read table: /scratch/rgupta25/rygb/pipeline/31_CompareStudiesSV/input//Seq_BS_MixedLinearModelResults.txt
Read table: /scratch/rgupta25/rygb/pipeline/31_CompareStudiesSV/input//Seq_Assal_MixedLinearModelResults.txt
Read table: /scratch/rgupta25/rygb/pipeline/31_CompareStudiesSV/input//Seq_BS_MixedLinearModelResults.txt
Read table: /scratch/rgupta25/rygb/pipeline/31_CompareStudiesSV/input//Seq_Assal_MixedLinearModelResults.txt
Read table: /scratch/rgupta25/rygb/pipeline/31_CompareStudiesSV/input//Seq_BS_MixedLinearModelResults.txt
Read table: /scratch/rgupta25/rygb/pipeline/31_CompareStudiesSV/input//Seq_Assal_MixedLinearModelResults.txt
Read table: /scratch/rgupta25/rygb/pipeline/31_CompareStudiesSV/input//Seq_Assal_MixedLinearModelResults.txt
Read table: /scratch/rgupta25/rygb/pipeline/31_CompareStudiesSV/input//Seq_Assal_MixedLinearModelResults.txt
Read table: /scratch/rgupta25/rygb/pipeline/31_CompareStudiesSV/input//Seq_Assal_MixedLinearModelResults.txt
Read table: /scratch/rgupta25/rygb/pipeline/31_CompareStudiesSV/input//Seq_Assal_MixedLinearModelResults.txt
Read table: /scratch/rgupta25/rygb/pipeline/31_CompareStudiesSV/input//Seq_Assal_MixedLinearModelResults.txt
Read table: /scratch/rgupta25/rygb/pipeline/31_CompareStudiesSV/input//Seq_Assal_MixedLinearModelResults.txt
Read table: /scratch/rgupta25/rygb/pipeline/31_CompareStudiesSV/input//Seq_BS_MixedLinearModelResults.txt
Read table: /scratch/rgupta25/rygb/pipeline/31_CompareStudiesSV/input//Seq_BS_MixedLinearModelResults.txt
Read table: /scratch/rgupta25/rygb/pipeline/31_CompareStudiesSV/input//Seq_BS_MixedLinearModelResults.txt
Read table: /scratch/rgupta25/rygb/pipeline/31_CompareStudiesSV/input//Seq_Assal_MixedLinearModelResults.txt
Read table: /scratch/rgupta25/rygb/pipeline/31_CompareStudiesSV/input//Seq_BS_MixedLinearModelResults.txt
Read table: /scratch/rgupta25/rygb/pipeline/31_CompareStudiesSV/input//Seq_Assal_MixedLinearModelResults.txt
Read table: /scratch/rgupta25/rygb/pipeline/31_CompareStudiesSV/input//Seq_BS_MixedLinearModelResults.txt
Read table: /scratch/rgupta25/rygb/pipeline/31_CompareStudiesSV/input//Seq_Assal_MixedLinearModelResults.txt
Read table: /scratch/rgupta25/rygb/pipeline/31_CompareStudiesSV/input//Seq_BS_MixedLinearModelResults.txt
Read table: /scratch/rgupta25/rygb/pipeline/31_CompareStudiesSV/input//Seq_Assal_MixedLinearModelResults.txt
Read table: /scratch/rgupta25/rygb/pipeline/31_CompareStudiesSV/input//Seq_BS_MixedLinearModelResults.txt
Read table: /scratch/rgupta25/rygb/pipeline/31_CompareStudiesSV/input//Seq_Assal_MixedLinearModelResults.txt
Read table: /scratch/rgupta25/rygb/pipeline/31_CompareStudiesSV/input//Seq_BS_MixedLinearModelResults.txt
Read table: /scratch/rgupta25/rygb/pipeline/31_CompareStudiesSV/input//Seq_Assal_MixedLinearModelResults.txt
Read table: /scratch/rgupta25/rygb/pipeline/31_CompareStudiesSV/input//Seq_Assal_MixedLinearModelResults.txt
Read table: /scratch/rgupta25/rygb/pipeline/31_CompareStudiesSV/input//Seq_Assal_MixedLinearModelResults.txt
Read table: /scratch/rgupta25/rygb/pipeline/31_CompareStudiesSV/input//Seq_Assal_MixedLinearModelResults.txt
Read table: /scratch/rgupta25/rygb/pipeline/31_CompareStudiesSV/input//Seq_Assal_MixedLinearModelResults.txt
Read table: /scratch/rgupta25/rygb/pipeline/31_CompareStudiesSV/input//Seq_Assal_MixedLinearModelResults.txt
Read table: /scratch/rgupta25/rygb/pipeline/31_CompareStudiesSV/input//Seq_Assal_MixedLinearModelResults.txt
null device 
          1 
null device 
          1 
null device 
          1 
